---
source: src/metadata/mod.rs
expression: examples
---
- Object:
    arr:
      Array: []
    empty_arr:
      Array: []
- Object:
    categories:
      Array:
        - Str: one
        - Str: two
        - Num: 45
- Object:
    arr:
      Array:
        - Str: arrays can contain everything
        - Num: 5
        - Num: -5
        - Num: 6020000000000000000000000000
        - Nil
        - Object:
            a:
              Array:
                - Str: b
            x:
              Str: y
        - Array: []
        - Array:
            - Str: hi
            - Str: hi
- Object:
    a2:
      Array: []
    a3:
      Array:
        - Str: hi
    arr:
      Array: []
    x:
      Str: y
