---
source: src/lib.rs
expression: examples
---
- - VerbatimRangedTag:
      name:
        - code
      parameters: []
      content: "print(\"Hello world!\")\n"
- - VerbatimRangedTag:
      name:
        - code
        - some-text
        - here
      parameters:
        - "lua\\ language"
        - second-parameter
      content: "print(\"Hello world!\")\n"
- - VerbatimRangedTag:
      name:
        - some-complex_tag_
      parameters:
        - first-parameter
        - "#&*(&$!)"
        - third-parameter
      content: "function hello()\n    print(\"Hello World\")\nend\n\nhello()\n"
